WS server started on port 8085...
New connection! (53)
[2] joined room 1
New connection! (87)
[1] joined room 1
[1] left room 1
Connection 87 has disconnected
[2] left room 1
Connection 53 has disconnected
WS server started on port 8085...
WS server started on port 8085...
WS server started on port 8085...
WS server started on port 8085...
New connection! (99)
[1] joined room 1
New connection! (108)
[2] joined room 1
Connection 108 has disconnected
[1] left room 1
Connection 99 has disconnected
New connection! (111)
[2] joined room 1
Connection 111 has disconnected
New connection! (114)
[1] joined room 1
Connection 114 has disconnected
New connection! (120)
[1] joined room 1
[1] left room 1
New connection! (123)
[1] joined room 1
Connection 120 has disconnected
Connection 123 has disconnected
New connection! (126)
[1] joined room 1
Connection 126 has disconnected
New connection! (132)
[2] joined room 1
Connection 132 has disconnected
New connection! (135)
New connection! (138)
Connection 135 has disconnected
New connection! (141)
[1] joined room 1
[2] joined room 1
[2] left room 1
Connection 141 has disconnected
New connection! (144)
[2] joined room 1
Connection 138 has disconnected
Connection 144 has disconnected
